2026-01-31 09:59:29 Loading main app package /usr/lib/obsidian/obsidian.asar
2026-01-31 09:59:29 Checking for update using Github
2026-01-31 09:59:39 Success.
2026-01-31 09:59:39 Latest version is 1.11.5
2026-01-31 09:59:39 App is up to date.
2026-02-14 01:51:01 Loaded main app package /usr/lib/obsidian/obsidian.asar
2026-02-14 01:51:01 Checking for update using Github
2026-02-14 01:51:04 Success.
2026-02-14 01:51:04 Latest version is 1.11.7
2026-02-14 01:51:04 App is up to date.
2026-02-14 01:59:20 Loaded main app package /usr/lib/obsidian/obsidian.asar
2026-02-14 01:59:20 Checking for update using Github
2026-02-14 01:59:20 Success.
2026-02-14 01:59:20 Latest version is 1.11.7
2026-02-14 01:59:20 App is up to date.
2026-02-14 02:34:55 Loaded main app package /usr/lib/obsidian/obsidian.asar
2026-02-14 02:34:55 Checking for update using Github
2026-02-14 02:34:57 Success.
2026-02-14 02:34:57 Latest version is 1.11.7
2026-02-14 02:34:57 App is up to date.
2026-02-14 10:54:11 Loaded main app package /usr/lib/obsidian/obsidian.asar
2026-02-14 10:54:12 Checking for update using Github
2026-02-14 10:54:14 Success.
2026-02-14 10:54:14 Latest version is 1.11.7
2026-02-14 10:54:14 App is up to date.
2026-02-14 12:25:29 Checking for update using Github
2026-02-14 12:25:32 Success.
2026-02-14 12:25:32 Latest version is 1.11.7
2026-02-14 12:25:32 App is up to date.
2026-02-14 13:25:29 Checking for update using Github
2026-02-14 13:25:31 Success.
2026-02-14 13:25:31 Latest version is 1.11.7
2026-02-14 13:25:31 App is up to date.
2026-02-14 14:25:29 Checking for update using Github
2026-02-14 14:25:29 Success.
2026-02-14 14:25:29 Latest version is 1.11.7
2026-02-14 14:25:29 App is up to date.
2026-02-14 18:02:49 Checking for update using Github
2026-02-14 18:02:51 Success.
2026-02-14 18:02:51 Latest version is 1.11.7
2026-02-14 18:02:51 App is up to date.
2026-02-15 05:01:37 Loaded main app package /usr/lib/obsidian/obsidian.asar
2026-02-15 05:01:38 Checking for update using Github
2026-02-15 05:01:40 Success.
2026-02-15 05:01:40 Latest version is 1.11.7
2026-02-15 05:01:40 App is up to date.
2026-02-15 06:59:11 Checking for update using Github
2026-02-15 06:59:12 Success.
2026-02-15 06:59:12 Latest version is 1.11.7
2026-02-15 06:59:12 App is up to date.
2026-02-15 07:59:11 Checking for update using Github
2026-02-15 07:59:14 Success.
2026-02-15 07:59:14 Latest version is 1.11.7
2026-02-15 07:59:14 App is up to date.
2026-02-18 01:21:06 Loaded main app package /usr/lib/obsidian/obsidian.asar
2026-02-18 01:21:06 Checking for update using Github
2026-02-18 01:21:06 Success.
2026-02-18 01:21:06 Latest version is 1.11.7
2026-02-18 01:21:06 App is up to date.
2026-02-18 01:22:08 Loaded main app package /usr/lib/obsidian/obsidian.asar
2026-02-18 01:22:08 Checking for update using Github
2026-02-18 01:22:08 Success.
2026-02-18 01:22:08 Latest version is 1.11.7
2026-02-18 01:22:08 App is up to date.
2026-02-18 02:22:08 Checking for update using Github
2026-02-18 02:22:08 Success.
2026-02-18 02:22:08 Latest version is 1.11.7
2026-02-18 02:22:08 App is up to date.
2026-02-25 03:30:45 Loaded main app package /usr/lib/obsidian/obsidian.asar
2026-02-25 03:30:45 Checking for update using Github
2026-02-25 03:30:45 Success.
2026-02-25 03:30:45 Latest version is 1.11.7
2026-02-25 03:30:45 App is up to date.
2026-02-25 04:30:45 Checking for update using Github
2026-02-25 04:30:45 Success.
2026-02-25 04:30:45 Latest version is 1.11.7
2026-02-25 04:30:45 App is up to date.
2026-02-25 05:30:45 Checking for update using Github
2026-02-25 05:30:45 Success.
2026-02-25 05:30:45 Latest version is 1.11.7
2026-02-25 05:30:45 App is up to date.
2026-02-27 00:42:46 Loaded main app package /usr/lib/obsidian/obsidian.asar
2026-02-27 00:42:46 Checking for update using Github
2026-02-27 00:42:47 Success.
2026-02-27 00:42:47 Latest version is 1.11.7
2026-02-27 00:42:47 App is up to date.
2026-02-27 01:42:46 Checking for update using Github
2026-02-27 01:42:46 Success.
2026-02-27 01:42:46 Latest version is 1.11.7
2026-02-27 01:42:46 App is up to date.
2026-02-27 05:59:13 Checking for update using Github
2026-02-27 05:59:14 Success.
2026-02-27 05:59:14 Latest version is 1.11.7
2026-02-27 05:59:14 App is up to date.
2026-02-27 06:59:15 Checking for update using Github
2026-02-27 06:59:15 Success.
2026-02-27 06:59:15 Latest version is 1.11.7
2026-02-27 06:59:15 App is up to date.
2026-02-27 08:00:52 Checking for update using Github
2026-02-27 08:00:54 Success.
2026-02-27 08:00:54 Latest version is 1.11.7
2026-02-27 08:00:54 App is up to date.
2026-03-09 06:10:46 Loaded main app package /usr/lib/obsidian/obsidian.asar
2026-03-09 06:10:46 Checking for update using Github
2026-03-09 06:10:48 Success.
2026-03-09 06:10:48 Latest version is 1.12.4
2026-03-09 06:10:48 App is up to date.
2026-03-09 06:49:07 Loaded main app package /usr/lib/obsidian/obsidian.asar
2026-03-09 07:10:46 Checking for update using Github
2026-03-09 07:10:46 Success.
2026-03-09 07:10:46 Latest version is 1.12.4
2026-03-09 07:10:46 App is up to date.
2026-03-09 08:10:46 Checking for update using Github
2026-03-09 08:10:46 Success.
2026-03-09 08:10:46 Latest version is 1.12.4
2026-03-09 08:10:46 App is up to date.
2026-03-10 06:55:13 Checking for update using Github
2026-03-10 06:55:13 Success.
2026-03-10 06:55:13 Latest version is 1.12.4
2026-03-10 06:55:13 App is up to date.
2026-03-10 07:55:12 Checking for update using Github
2026-03-10 07:55:12 Success.
2026-03-10 07:55:12 Latest version is 1.12.4
2026-03-10 07:55:12 App is up to date.
2026-03-10 08:12:12 Loaded main app package /usr/lib/obsidian/obsidian.asar
2026-03-10 08:12:12 Checking for update using Github
2026-03-10 08:12:12 Success.
2026-03-10 08:12:12 Latest version is 1.12.4
2026-03-10 08:12:12 App is up to date.
2026-03-10 08:21:14 Loaded main app package /usr/lib/obsidian/obsidian.asar
2026-03-10 08:21:14 Checking for update using Github
2026-03-10 08:21:14 Success.
2026-03-10 08:21:14 Latest version is 1.12.4
2026-03-10 08:21:14 App is up to date.
2026-03-10 08:33:17 Loaded main app package /usr/lib/obsidian/obsidian.asar
2026-03-10 08:33:17 Checking for update using Github
2026-03-10 08:33:17 Success.
2026-03-10 08:33:17 Latest version is 1.12.4
2026-03-10 08:33:17 App is up to date.
2026-03-10 08:34:37 Loaded main app package /usr/lib/obsidian/obsidian.asar
2026-03-10 08:34:37 Checking for update using Github
2026-03-10 08:34:37 Success.
2026-03-10 08:34:37 Latest version is 1.12.4
2026-03-10 08:34:37 App is up to date.
2026-03-10 08:54:01 Loaded main app package /usr/lib/obsidian/obsidian.asar
2026-03-10 08:54:01 Checking for update using Github
2026-03-10 08:54:03 Success.
2026-03-10 08:54:03 Latest version is 1.12.4
2026-03-10 08:54:03 App is up to date.
2026-03-10 21:16:21 Loaded main app package /usr/lib/obsidian/obsidian.asar
2026-03-10 21:16:21 Checking for update using Github
2026-03-10 21:16:22 Success.
2026-03-10 21:16:22 Latest version is 1.12.4
2026-03-10 21:16:22 App is up to date.
2026-03-10 22:30:23 Checking for update using Github
2026-03-10 22:30:23 Success.
2026-03-10 22:30:23 Latest version is 1.12.4
2026-03-10 22:30:23 App is up to date.
2026-03-11 03:22:45 Loaded main app package /usr/lib/obsidian/obsidian.asar
2026-03-11 03:22:45 Checking for update using Github
2026-03-11 03:22:47 Success.
2026-03-11 03:22:47 Latest version is 1.12.4
2026-03-11 03:22:47 App is up to date.
2026-03-11 04:23:25 Checking for update using Github
2026-03-11 04:23:26 Success.
2026-03-11 04:23:26 Latest version is 1.12.4
2026-03-11 04:23:26 App is up to date.
2026-03-11 06:22:23 Checking for update using Github
2026-03-11 06:22:23 Success.
2026-03-11 06:22:23 Latest version is 1.12.4
2026-03-11 06:22:23 App is up to date.
2026-03-11 07:22:23 Checking for update using Github
2026-03-11 07:22:23 Success.
2026-03-11 07:22:23 Latest version is 1.12.4
2026-03-11 07:22:23 App is up to date.
2026-03-12 06:27:59 Loaded main app package /usr/lib/obsidian/obsidian.asar
2026-03-12 06:28:00 Checking for update using Github
2026-03-12 06:28:06 Success.
2026-03-12 06:28:06 Latest version is 1.12.4
2026-03-12 06:28:06 App is up to date.
2026-03-12 07:28:00 Checking for update using Github
2026-03-12 07:28:02 Success.
2026-03-12 07:28:02 Latest version is 1.12.4
2026-03-12 07:28:02 App is up to date.
2026-03-12 07:39:10 Loaded main app package /usr/lib/obsidian/obsidian.asar
2026-03-12 07:39:10 Checking for update using Github
2026-03-12 07:39:10 Success.
2026-03-12 07:39:10 Latest version is 1.12.4
2026-03-12 07:39:10 App is up to date.
2026-03-12 08:39:10 Checking for update using Github
2026-03-12 08:39:10 Success.
2026-03-12 08:39:10 Latest version is 1.12.4
2026-03-12 08:39:10 App is up to date.
2026-03-12 17:06:08 Loaded main app package /usr/lib/obsidian/obsidian.asar
2026-03-12 17:06:08 Checking for update using Github
2026-03-12 17:06:08 Success.
2026-03-12 17:06:08 Latest version is 1.12.4
2026-03-12 17:06:08 App is up to date.
2026-03-12 17:51:38 Loaded main app package /usr/lib/obsidian/obsidian.asar
2026-03-12 17:51:38 Checking for update using Github
2026-03-12 17:51:40 Success.
2026-03-12 17:51:40 Latest version is 1.12.4
2026-03-12 17:51:40 App is up to date.
2026-03-13 02:07:08 Loaded main app package /usr/lib/obsidian/obsidian.asar
2026-03-13 02:07:08 Checking for update using Github
2026-03-13 02:07:11 Success.
2026-03-13 02:07:11 Latest version is 1.12.4
2026-03-13 02:07:11 App is up to date.
2026-03-13 03:25:50 Checking for update using Github
2026-03-13 03:25:52 Success.
2026-03-13 03:25:52 Latest version is 1.12.4
2026-03-13 03:25:52 App is up to date.
2026-03-13 04:25:50 Checking for update using Github
2026-03-13 04:25:52 Success.
2026-03-13 04:25:52 Latest version is 1.12.4
2026-03-13 04:25:52 App is up to date.
2026-03-13 15:09:25 Loaded main app package /usr/lib/obsidian/obsidian.asar
2026-03-13 15:09:25 Checking for update using Github
2026-03-13 15:09:27 Success.
2026-03-13 15:09:27 Latest version is 1.12.4
2026-03-13 15:09:27 App is up to date.
2026-03-18 23:24:05 Loaded main app package /usr/lib/obsidian/obsidian.asar
2026-03-18 23:24:05 Checking for update using Github
2026-03-18 23:24:09 Success.
2026-03-18 23:24:09 Latest version is 1.12.4
2026-03-18 23:24:09 App is up to date.
2026-03-19 08:59:50 Loaded main app package /usr/lib/obsidian/obsidian.asar
2026-03-19 08:59:50 Checking for update using Github
2026-03-19 08:59:51 Success.
2026-03-19 08:59:51 Latest version is 1.12.4
2026-03-19 08:59:51 App is up to date.
2026-03-19 09:59:50 Checking for update using Github
2026-03-19 09:59:51 Success.
2026-03-19 09:59:51 Latest version is 1.12.4
2026-03-19 09:59:51 App is up to date.
2026-03-19 14:25:44 Loaded main app package /usr/lib/obsidian/obsidian.asar
2026-03-19 14:25:44 Checking for update using Github
2026-03-19 14:25:46 Success.
2026-03-19 14:25:46 Latest version is 1.12.4
2026-03-19 14:25:46 App is up to date.
2026-03-19 14:26:03 Loaded main app package /usr/lib/obsidian/obsidian.asar
2026-03-19 14:26:03 Checking for update using Github
2026-03-19 14:26:03 Success.
2026-03-19 14:26:03 Latest version is 1.12.4
2026-03-19 14:26:03 App is up to date.
2026-03-24 08:21:37 Loaded main app package /usr/lib/obsidian/obsidian.asar
2026-03-24 08:21:37 Checking for update using Github
2026-03-24 08:21:38 Success.
2026-03-24 08:21:38 Latest version is 1.12.7
2026-03-24 08:21:38 Downloading update from https://github.com/obsidianmd/obsidian-releases/releases/download/v1.12.7/obsidian-1.12.7.asar.gz
2026-03-24 08:21:59 Verifying hash & signature. Size= 8323080
2026-03-24 08:21:59 Saving file
2026-03-24 08:21:59 Update complete.
2026-03-25 03:09:47 Loaded updated app package /home/host4/.config/obsidian/obsidian-1.12.7.asar
2026-03-25 03:09:47 Checking for update using Github
2026-03-25 03:09:47 Success.
2026-03-25 03:09:47 Latest version is 1.12.7
2026-03-25 03:09:47 App is up to date.
2026-03-25 04:09:47 Checking for update using Github
2026-03-25 04:09:47 Success.
2026-03-25 04:09:47 Latest version is 1.12.7
2026-03-25 04:09:47 App is up to date.
2026-03-25 07:00:07 Checking for update using Github
2026-03-25 07:00:07 Success.
2026-03-25 07:00:07 Latest version is 1.12.7
2026-03-25 07:00:07 App is up to date.
2026-03-25 13:07:38 Checking for update using Github
2026-03-25 13:07:39 Success.
2026-03-25 13:07:39 Latest version is 1.12.7
2026-03-25 13:07:39 App is up to date.
2026-03-26 12:16:37 Loaded updated app package /home/host4/.config/obsidian/obsidian-1.12.7.asar
2026-03-26 12:16:37 Checking for update using Github
2026-03-26 12:16:38 Success.
2026-03-26 12:16:38 Latest version is 1.12.7
2026-03-26 12:16:38 App is up to date.
2026-03-26 13:16:37 Checking for update using Github
2026-03-26 13:16:39 Success.
2026-03-26 13:16:39 Latest version is 1.12.7
2026-03-26 13:16:39 App is up to date.
2026-03-26 14:32:17 Checking for update using Github
2026-03-26 14:32:17 Success.
2026-03-26 14:32:17 Latest version is 1.12.7
2026-03-26 14:32:17 App is up to date.
2026-03-26 15:32:17 Checking for update using Github
2026-03-26 15:32:17 Success.
2026-03-26 15:32:17 Latest version is 1.12.7
2026-03-26 15:32:17 App is up to date.
2026-03-26 16:32:17 Checking for update using Github
2026-03-26 16:32:17 Success.
2026-03-26 16:32:17 Latest version is 1.12.7
2026-03-26 16:32:17 App is up to date.
2026-03-26 17:52:48 Checking for update using Github
2026-03-26 17:52:48 Success.
2026-03-26 17:52:48 Latest version is 1.12.7
2026-03-26 17:52:48 App is up to date.
2026-03-27 00:43:34 Loaded updated app package /home/host4/.config/obsidian/obsidian-1.12.7.asar
2026-03-27 00:43:34 Checking for update using Github
2026-03-27 00:43:34 Success.
2026-03-27 00:43:34 Latest version is 1.12.7
2026-03-27 00:43:34 App is up to date.
2026-03-27 00:57:55 Loaded updated app package /home/host4/.config/obsidian/obsidian-1.12.7.asar
2026-03-27 00:57:56 Checking for update using Github
2026-03-27 00:57:56 Success.
2026-03-27 00:57:56 Latest version is 1.12.7
2026-03-27 00:57:56 App is up to date.
2026-03-27 03:56:08 Checking for update using Github
2026-03-27 06:27:35 Loaded updated app package /home/host4/.config/obsidian/obsidian-1.12.7.asar
2026-03-27 06:27:35 Checking for update using Github
2026-03-27 06:27:36 Success.
2026-03-27 06:27:36 Latest version is 1.12.7
2026-03-27 06:27:36 App is up to date.
2026-03-29 06:01:17 Loaded main app package /usr/lib/obsidian/obsidian.asar
2026-03-29 06:01:17 Checking for update using Github
2026-03-29 06:01:18 Success.
2026-03-29 06:01:18 Latest version is 1.12.7
2026-03-29 06:01:18 App is up to date.
2026-03-31 13:33:19 Loaded main app package /usr/lib/obsidian/obsidian.asar
2026-03-31 13:33:19 Checking for update using Github
2026-03-31 13:33:20 Success.
2026-03-31 13:33:20 Latest version is 1.12.7
2026-03-31 13:33:20 App is up to date.
2026-03-31 16:32:36 Loaded main app package /usr/lib/obsidian/obsidian.asar
2026-03-31 16:32:36 Checking for update using Github
2026-03-31 16:32:36 Success.
2026-03-31 16:32:36 Latest version is 1.12.7
2026-03-31 16:32:36 App is up to date.
2026-04-02 09:36:27 Loaded main app package /usr/lib/obsidian/obsidian.asar
2026-04-02 09:36:27 Checking for update using Github
2026-04-02 09:36:27 Success.
2026-04-02 09:36:27 Latest version is 1.12.7
2026-04-02 09:36:27 App is up to date.
2026-04-02 09:36:40 Loaded main app package /usr/lib/obsidian/obsidian.asar
2026-04-02 09:36:40 Checking for update using Github
2026-04-02 09:36:40 Success.
2026-04-02 09:36:40 Latest version is 1.12.7
2026-04-02 09:36:40 App is up to date.
2026-04-06 00:52:10 Loaded main app package /usr/lib/obsidian/obsidian.asar
2026-04-06 00:52:10 Checking for update using Github
2026-04-06 00:52:32 Success.
2026-04-06 00:52:32 Latest version is 1.12.7
2026-04-06 00:52:32 App is up to date.
2026-04-06 03:20:53 Checking for update using Github
2026-04-06 03:20:53 Success.
2026-04-06 03:20:53 Latest version is 1.12.7
2026-04-06 03:20:53 App is up to date.
2026-04-06 06:39:17 Checking for update using Github
2026-04-06 06:39:17 Success.
2026-04-06 06:39:17 Latest version is 1.12.7
2026-04-06 06:39:17 App is up to date.
2026-04-06 07:39:19 Checking for update using Github
2026-04-06 07:39:20 Success.
2026-04-06 07:39:20 Latest version is 1.12.7
2026-04-06 07:39:20 App is up to date.
2026-04-06 21:57:33 Checking for update using Github
2026-04-06 21:57:33 Success.
2026-04-06 21:57:33 Latest version is 1.12.7
2026-04-06 21:57:33 App is up to date.
2026-04-06 22:57:33 Checking for update using Github
2026-04-06 22:57:33 Success.
2026-04-06 22:57:33 Latest version is 1.12.7
2026-04-06 22:57:33 App is up to date.
2026-04-07 00:45:21 Checking for update using Github
2026-04-07 00:45:21 Success.
2026-04-07 00:45:21 Latest version is 1.12.7
2026-04-07 00:45:21 App is up to date.
2026-04-07 01:45:21 Checking for update using Github
2026-04-07 01:45:21 Success.
2026-04-07 01:45:21 Latest version is 1.12.7
2026-04-07 01:45:21 App is up to date.
2026-04-07 13:24:10 Checking for update using Github
2026-04-07 13:24:10 Success.
2026-04-07 13:24:10 Latest version is 1.12.7
2026-04-07 13:24:10 App is up to date.
2026-04-07 14:24:10 Checking for update using Github
2026-04-07 14:24:11 Success.
2026-04-07 14:24:11 Latest version is 1.12.7
2026-04-07 14:24:11 App is up to date.
2026-04-08 04:31:59 Loaded main app package /usr/lib/obsidian/obsidian.asar
2026-04-08 04:31:59 Checking for update using Github
2026-04-08 04:31:59 Success.
2026-04-08 04:31:59 Latest version is 1.12.7
2026-04-08 04:31:59 App is up to date.
2026-04-08 05:31:59 Checking for update using Github
2026-04-08 05:31:59 Success.
2026-04-08 05:31:59 Latest version is 1.12.7
2026-04-08 05:31:59 App is up to date.
2026-04-08 21:10:14 Checking for update using Github
2026-04-08 21:10:14 Success.
2026-04-08 21:10:14 Latest version is 1.12.7
2026-04-08 21:10:14 App is up to date.
2026-04-09 03:05:09 Checking for update using Github
2026-04-09 03:05:10 Success.
2026-04-09 03:05:10 Latest version is 1.12.7
2026-04-09 03:05:10 App is up to date.
2026-04-09 11:02:05 Loaded main app package /usr/lib/obsidian/obsidian.asar
2026-04-09 11:02:05 Checking for update using Github
2026-04-09 11:02:05 Failed to check for update using Github (net::ERR_NAME_NOT_RESOLVED)
2026-04-09 11:02:05 Checking for update using obsidian.md
2026-04-09 11:02:05 Failed to check for update using obsidian.md (net::ERR_NAME_NOT_RESOLVED)
2026-04-09 15:18:19 Loaded main app package /usr/lib/obsidian/obsidian.asar
2026-04-09 15:18:19 Checking for update using Github
2026-04-09 15:18:19 Success.
2026-04-09 15:18:19 Latest version is 1.12.7
2026-04-09 15:18:19 App is up to date.
2026-04-09 16:18:19 Checking for update using Github
2026-04-09 16:18:19 Success.
2026-04-09 16:18:19 Latest version is 1.12.7
2026-04-09 16:18:19 App is up to date.
2026-04-10 08:55:06 Loaded main app package /usr/lib/obsidian/obsidian.asar
2026-04-10 08:55:06 Checking for update using Github
2026-04-10 08:55:06 Success.
2026-04-10 08:55:06 Latest version is 1.12.7
2026-04-10 08:55:06 App is up to date.
2026-04-10 08:58:50 Loaded main app package /usr/lib/obsidian/obsidian.asar
2026-04-10 08:58:50 Checking for update using Github
2026-04-10 08:58:50 Success.
2026-04-10 08:58:50 Latest version is 1.12.7
2026-04-10 08:58:50 App is up to date.
2026-04-10 09:08:34 Loaded main app package /usr/lib/obsidian/obsidian.asar
2026-04-10 09:58:51 Checking for update using Github
2026-04-10 09:58:51 Success.
2026-04-10 09:58:51 Latest version is 1.12.7
2026-04-10 09:58:51 App is up to date.
2026-04-10 17:13:29 Checking for update using Github
2026-04-10 17:13:29 Success.
2026-04-10 17:13:29 Latest version is 1.12.7
2026-04-10 17:13:29 App is up to date.
2026-04-11 01:10:59 Loaded main app package /usr/lib/obsidian/obsidian.asar
2026-04-11 01:10:59 Checking for update using Github
2026-04-11 01:11:00 Success.
2026-04-11 01:11:00 Latest version is 1.12.7
2026-04-11 01:11:00 App is up to date.
2026-04-11 03:16:40 Checking for update using Github
2026-04-11 03:16:40 Success.
2026-04-11 03:16:40 Latest version is 1.12.7
2026-04-11 03:16:40 App is up to date.
2026-04-13 15:47:06 Loaded main app package /usr/lib/obsidian/obsidian.asar
2026-04-13 15:47:06 Checking for update using Github
2026-04-13 15:47:08 Success.
2026-04-13 15:47:08 Latest version is 1.12.7
2026-04-13 15:47:08 App is up to date.
2026-04-13 19:02:08 Loaded main app package /usr/lib/obsidian/obsidian.asar
2026-04-13 19:02:09 Checking for update using Github
2026-04-13 19:02:10 Success.
2026-04-13 19:02:10 Latest version is 1.12.7
2026-04-13 19:02:10 App is up to date.
2026-04-14 08:48:19 Loaded main app package /usr/lib/obsidian/obsidian.asar
2026-04-14 08:48:19 Checking for update using Github
2026-04-14 08:48:19 Success.
2026-04-14 08:48:19 Latest version is 1.12.7
2026-04-14 08:48:19 App is up to date.
2026-04-14 11:25:24 Checking for update using Github
2026-04-14 11:25:25 Success.
2026-04-14 11:25:25 Latest version is 1.12.7
2026-04-14 11:25:25 App is up to date.
2026-04-15 08:23:43 Loaded main app package /usr/lib/obsidian/obsidian.asar
2026-04-15 08:23:43 Checking for update using Github
2026-04-15 08:23:44 Success.
2026-04-15 08:23:44 Latest version is 1.12.7
2026-04-15 08:23:44 App is up to date.
2026-04-16 06:27:16 Loaded main app package /usr/lib/obsidian/obsidian.asar
2026-04-16 06:27:16 Checking for update using Github
2026-04-16 06:27:16 Success.
2026-04-16 06:27:16 Latest version is 1.12.7
2026-04-16 06:27:16 App is up to date.
2026-04-17 04:04:07 Loaded main app package /usr/lib/obsidian/obsidian.asar
2026-04-17 04:04:08 Checking for update using Github
2026-04-17 04:04:08 Failed to check for update using Github (net::ERR_NAME_NOT_RESOLVED)
2026-04-17 04:04:08 Checking for update using obsidian.md
2026-04-17 04:04:08 Failed to check for update using obsidian.md (net::ERR_NAME_NOT_RESOLVED)
2026-04-17 06:55:00 Checking for update using Github
2026-04-17 06:55:02 Success.
2026-04-17 06:55:02 Latest version is 1.12.7
2026-04-17 06:55:02 App is up to date.
2026-04-17 07:55:00 Checking for update using Github
2026-04-17 07:55:02 Success.
2026-04-17 07:55:02 Latest version is 1.12.7
2026-04-17 07:55:02 App is up to date.
2026-04-17 17:14:02 Checking for update using Github
2026-04-17 17:14:03 Success.
2026-04-17 17:14:03 Latest version is 1.12.7
2026-04-17 17:14:03 App is up to date.
2026-04-18 11:43:22 Checking for update using Github
2026-04-18 11:43:23 Success.
2026-04-18 11:43:23 Latest version is 1.12.7
2026-04-18 11:43:23 App is up to date.
2026-04-18 12:58:54 Checking for update using Github
2026-04-18 12:58:56 Success.
2026-04-18 12:58:56 Latest version is 1.12.7
2026-04-18 12:58:56 App is up to date.
2026-04-18 13:58:55 Checking for update using Github
2026-04-18 13:58:56 Success.
2026-04-18 13:58:56 Latest version is 1.12.7
2026-04-18 13:58:56 App is up to date.
2026-04-18 14:37:40 Loaded main app package /usr/lib/obsidian/obsidian.asar
2026-04-18 14:58:55 Checking for update using Github
2026-04-18 14:58:55 Success.
2026-04-18 14:58:55 Latest version is 1.12.7
2026-04-18 14:58:55 App is up to date.
2026-04-18 22:49:05 Checking for update using Github
2026-04-18 22:49:06 Success.
2026-04-18 22:49:06 Latest version is 1.12.7
2026-04-18 22:49:06 App is up to date.
2026-04-19 04:08:09 Checking for update using Github
2026-04-19 04:08:11 Success.
2026-04-19 04:08:11 Latest version is 1.12.7
2026-04-19 04:08:11 App is up to date.
2026-04-19 05:08:09 Checking for update using Github
2026-04-19 05:08:11 Success.
2026-04-19 05:08:11 Latest version is 1.12.7
2026-04-19 05:08:11 App is up to date.
2026-04-19 06:08:09 Checking for update using Github
2026-04-19 06:08:09 Success.
2026-04-19 06:08:09 Latest version is 1.12.7
2026-04-19 06:08:09 App is up to date.
2026-04-19 07:08:09 Checking for update using Github
2026-04-19 07:08:11 Success.
2026-04-19 07:08:11 Latest version is 1.12.7
2026-04-19 07:08:11 App is up to date.
2026-04-19 08:08:10 Checking for update using Github
2026-04-19 08:08:11 Success.
2026-04-19 08:08:11 Latest version is 1.12.7
2026-04-19 08:08:11 App is up to date.
2026-04-19 09:08:10 Checking for update using Github
2026-04-19 09:08:15 Success.
2026-04-19 09:08:15 Latest version is 1.12.7
2026-04-19 09:08:15 App is up to date.
2026-04-19 10:08:10 Checking for update using Github
2026-04-19 10:08:14 Success.
2026-04-19 10:08:14 Latest version is 1.12.7
2026-04-19 10:08:14 App is up to date.
2026-04-19 11:20:02 Checking for update using Github
2026-04-19 11:20:03 Success.
2026-04-19 11:20:03 Latest version is 1.12.7
2026-04-19 11:20:03 App is up to date.
2026-04-19 14:17:27 Loaded main app package /usr/lib/obsidian/obsidian.asar
2026-04-19 14:17:27 Checking for update using Github
2026-04-19 14:17:29 Success.
2026-04-19 14:17:29 Latest version is 1.12.7
2026-04-19 14:17:29 App is up to date.
2026-04-19 15:17:27 Checking for update using Github
2026-04-19 15:17:28 Success.
2026-04-19 15:17:28 Latest version is 1.12.7
2026-04-19 15:17:28 App is up to date.
2026-04-19 16:17:27 Checking for update using Github
2026-04-19 16:17:28 Success.
2026-04-19 16:17:28 Latest version is 1.12.7
2026-04-19 16:17:28 App is up to date.
2026-04-20 00:00:29 Checking for update using Github
2026-04-20 00:00:29 Success.
2026-04-20 00:00:29 Latest version is 1.12.7
2026-04-20 00:00:29 App is up to date.
2026-04-20 01:03:17 Loaded main app package /usr/lib/obsidian/obsidian.asar
2026-04-20 01:03:17 Checking for update using Github
2026-04-20 01:03:18 Success.
2026-04-20 01:03:18 Latest version is 1.12.7
2026-04-20 01:03:18 App is up to date.
2026-04-20 02:03:17 Checking for update using Github
2026-04-20 02:03:19 Success.
2026-04-20 02:03:19 Latest version is 1.12.7
2026-04-20 02:03:19 App is up to date.
2026-04-20 03:03:17 Checking for update using Github
2026-04-20 03:03:19 Success.
2026-04-20 03:03:19 Latest version is 1.12.7
2026-04-20 03:03:19 App is up to date.
2026-04-20 04:13:40 Checking for update using Github
2026-04-20 04:13:41 Success.
2026-04-20 04:13:41 Latest version is 1.12.7
2026-04-20 04:13:41 App is up to date.
2026-04-20 07:14:47 Checking for update using Github
2026-04-20 07:14:48 Success.
2026-04-20 07:14:48 Latest version is 1.12.7
2026-04-20 07:14:48 App is up to date.
2026-04-20 08:14:47 Checking for update using Github
2026-04-20 08:14:47 Success.
2026-04-20 08:14:47 Latest version is 1.12.7
2026-04-20 08:14:47 App is up to date.
2026-04-21 02:26:40 Loaded main app package /usr/lib/obsidian/obsidian.asar
2026-04-21 02:26:40 Checking for update using Github
2026-04-21 02:26:41 Success.
2026-04-21 02:26:41 Latest version is 1.12.7
2026-04-21 02:26:41 App is up to date.
2026-04-22 00:32:24 Loaded main app package /usr/lib/obsidian/obsidian.asar
2026-04-22 00:32:24 Checking for update using Github
2026-04-22 00:32:25 Success.
2026-04-22 00:32:25 Latest version is 1.12.7
2026-04-22 00:32:25 App is up to date.
2026-04-22 02:50:55 Loaded main app package /usr/lib/obsidian/obsidian.asar
2026-04-22 02:50:56 Checking for update using Github
2026-04-22 02:50:56 Success.
2026-04-22 02:50:56 Latest version is 1.12.7
2026-04-22 02:50:56 App is up to date.
2026-04-22 02:56:51 Loaded main app package /usr/lib/obsidian/obsidian.asar
2026-04-22 02:56:52 Checking for update using Github
2026-04-22 02:56:52 Success.
2026-04-22 02:56:52 Latest version is 1.12.7
2026-04-22 02:56:52 App is up to date.
2026-04-22 04:26:51 Loaded main app package /usr/lib/obsidian/obsidian.asar
2026-04-22 04:26:51 Checking for update using Github
2026-04-22 04:26:53 Success.
2026-04-22 04:26:53 Latest version is 1.12.7
2026-04-22 04:26:53 App is up to date.
2026-04-22 12:27:12 Loaded main app package /usr/lib/obsidian/obsidian.asar
2026-04-22 12:27:13 Checking for update using Github
2026-04-22 12:27:14 Success.
2026-04-22 12:27:14 Latest version is 1.12.7
2026-04-22 12:27:14 App is up to date.
2026-04-22 13:46:40 Loaded main app package /usr/lib/obsidian/obsidian.asar
2026-04-22 13:46:40 Checking for update using Github
2026-04-22 13:46:40 Success.
2026-04-22 13:46:40 Latest version is 1.12.7
2026-04-22 13:46:40 App is up to date.
2026-04-22 17:40:58 Loaded main app package /usr/lib/obsidian/obsidian.asar
2026-04-22 17:40:58 Checking for update using Github
2026-04-22 17:40:58 Success.
2026-04-22 17:40:58 Latest version is 1.12.7
2026-04-22 17:40:58 App is up to date.
2026-04-23 11:43:29 Loaded main app package /usr/lib/obsidian/obsidian.asar
2026-04-23 11:43:29 Checking for update using Github
2026-04-23 11:43:31 Success.
2026-04-23 11:43:31 Latest version is 1.12.7
2026-04-23 11:43:31 App is up to date.
2026-04-23 12:43:29 Checking for update using Github
2026-04-23 12:43:30 Success.
2026-04-23 12:43:30 Latest version is 1.12.7
2026-04-23 12:43:30 App is up to date.
2026-04-23 13:43:29 Checking for update using Github
2026-04-23 13:43:32 Success.
2026-04-23 13:43:32 Latest version is 1.12.7
2026-04-23 13:43:32 App is up to date.
2026-04-23 14:43:29 Checking for update using Github
2026-04-23 14:43:32 Success.
2026-04-23 14:43:32 Latest version is 1.12.7
2026-04-23 14:43:32 App is up to date.
2026-04-23 15:43:29 Checking for update using Github
2026-04-23 15:43:31 Success.
2026-04-23 15:43:31 Latest version is 1.12.7
2026-04-23 15:43:31 App is up to date.
2026-04-23 16:43:29 Checking for update using Github
2026-04-23 16:43:31 Success.
2026-04-23 16:43:31 Latest version is 1.12.7
2026-04-23 16:43:31 App is up to date.
2026-04-24 03:30:59 Loaded main app package /usr/lib/obsidian/obsidian.asar
2026-04-24 03:30:59 Checking for update using Github
2026-04-24 03:30:59 Success.
2026-04-24 03:30:59 Latest version is 1.12.7
2026-04-24 03:30:59 App is up to date.
2026-04-24 16:42:10 Loaded main app package /usr/lib/obsidian/obsidian.asar
2026-04-24 16:42:10 Checking for update using Github
2026-04-24 16:42:11 Success.
2026-04-24 16:42:11 Latest version is 1.12.7
2026-04-24 16:42:11 App is up to date.
2026-04-24 16:43:57 Loaded main app package /usr/lib/obsidian/obsidian.asar
2026-04-24 16:43:58 Checking for update using Github
2026-04-24 16:43:58 Success.
2026-04-24 16:43:58 Latest version is 1.12.7
2026-04-24 16:43:58 App is up to date.
2026-04-27 21:14:14 Loaded main app package /usr/lib/obsidian/obsidian.asar
2026-04-27 21:14:15 Checking for update using Github
2026-04-27 21:14:16 Success.
2026-04-27 21:14:16 Latest version is 1.12.7
2026-04-27 21:14:16 App is up to date.
2026-04-28 02:49:31 Checking for update using Github
2026-04-28 02:49:31 Success.
2026-04-28 02:49:31 Latest version is 1.12.7
2026-04-28 02:49:31 App is up to date.
2026-04-28 03:49:32 Checking for update using Github
2026-04-28 03:49:32 Success.
2026-04-28 03:49:32 Latest version is 1.12.7
2026-04-28 03:49:32 App is up to date.
2026-04-28 08:30:05 Loaded main app package /usr/lib/obsidian/obsidian.asar
2026-04-28 08:30:05 Checking for update using Github
2026-04-28 08:30:05 Success.
2026-04-28 08:30:05 Latest version is 1.12.7
2026-04-28 08:30:05 App is up to date.
2026-04-28 09:30:05 Checking for update using Github
2026-04-28 09:30:05 Success.
2026-04-28 09:30:05 Latest version is 1.12.7
2026-04-28 09:30:05 App is up to date.
2026-04-28 10:30:05 Checking for update using Github
2026-04-28 10:30:06 Success.
2026-04-28 10:30:06 Latest version is 1.12.7
2026-04-28 10:30:06 App is up to date.
2026-04-28 13:01:16 Checking for update using Github
2026-04-28 13:01:16 Success.
2026-04-28 13:01:16 Latest version is 1.12.7
2026-04-28 13:01:16 App is up to date.
2026-04-28 14:50:02 Checking for update using Github
2026-04-28 14:50:04 Success.
2026-04-28 14:50:04 Latest version is 1.12.7
2026-04-28 14:50:04 App is up to date.
2026-04-28 15:50:02 Checking for update using Github
2026-04-28 15:50:02 Success.
2026-04-28 15:50:02 Latest version is 1.12.7
2026-04-28 15:50:02 App is up to date.
2026-04-29 02:03:42 Loaded main app package /usr/lib/obsidian/obsidian.asar
2026-04-29 02:03:43 Checking for update using Github
2026-04-29 02:04:07 Success.
2026-04-29 02:04:07 Latest version is 1.12.7
2026-04-29 02:04:07 App is up to date.
2026-04-29 03:03:42 Checking for update using Github
2026-04-29 03:03:45 Success.
2026-04-29 03:03:45 Latest version is 1.12.7
2026-04-29 03:03:45 App is up to date.
2026-04-29 04:03:43 Checking for update using Github
2026-04-29 04:03:45 Success.
2026-04-29 04:03:45 Latest version is 1.12.7
2026-04-29 04:03:45 App is up to date.
2026-04-29 08:11:50 Checking for update using Github
2026-04-29 08:11:52 Success.
2026-04-29 08:11:52 Latest version is 1.12.7
2026-04-29 08:11:52 App is up to date.
2026-04-29 09:03:40 Loaded main app package /usr/lib/obsidian/obsidian.asar
2026-04-29 09:26:40 Checking for update using Github
2026-04-29 09:26:41 Success.
2026-04-29 09:26:41 Latest version is 1.12.7
2026-04-29 09:26:41 App is up to date.
2026-04-29 10:26:40 Checking for update using Github
2026-04-29 10:26:42 Success.
2026-04-29 10:26:42 Latest version is 1.12.7
2026-04-29 10:26:42 App is up to date.
2026-04-29 11:26:41 Checking for update using Github
2026-04-29 11:26:42 Success.
2026-04-29 11:26:42 Latest version is 1.12.7
2026-04-29 11:26:42 App is up to date.
2026-04-29 12:53:51 Checking for update using Github
2026-04-29 12:53:54 Success.
2026-04-29 12:53:54 Latest version is 1.12.7
2026-04-29 12:53:54 App is up to date.
2026-04-29 13:53:51 Checking for update using Github
2026-04-29 13:53:53 Success.
2026-04-29 13:53:53 Latest version is 1.12.7
2026-04-29 13:53:53 App is up to date.
2026-04-29 14:53:52 Checking for update using Github
2026-04-29 14:53:52 Success.
2026-04-29 14:53:52 Latest version is 1.12.7
2026-04-29 14:53:52 App is up to date.
2026-04-29 15:53:52 Checking for update using Github
2026-04-29 15:53:52 Success.
2026-04-29 15:53:52 Latest version is 1.12.7
2026-04-29 15:53:52 App is up to date.
2026-04-29 16:53:52 Checking for update using Github
2026-04-29 16:53:52 Success.
2026-04-29 16:53:52 Latest version is 1.12.7
2026-04-29 16:53:52 App is up to date.
2026-04-29 21:43:55 Checking for update using Github
2026-04-29 21:43:57 Success.
2026-04-29 21:43:57 Latest version is 1.12.7
2026-04-29 21:43:57 App is up to date.
2026-04-29 22:43:55 Checking for update using Github
2026-04-29 22:43:55 Success.
2026-04-29 22:43:55 Latest version is 1.12.7
2026-04-29 22:43:55 App is up to date.
2026-04-29 23:40:00 Loaded main app package /usr/lib/obsidian/obsidian.asar
2026-04-29 23:40:23 Loaded main app package /usr/lib/obsidian/obsidian.asar
2026-04-29 23:40:23 Checking for update using Github
2026-04-29 23:40:23 Success.
2026-04-29 23:40:23 Latest version is 1.12.7
2026-04-29 23:40:23 App is up to date.
2026-04-29 23:47:19 Loaded main app package /usr/lib/obsidian/obsidian.asar
2026-04-29 23:47:34 Loaded main app package /usr/lib/obsidian/obsidian.asar
2026-04-29 23:47:34 Checking for update using Github
2026-04-29 23:47:35 Success.
2026-04-29 23:47:35 Latest version is 1.12.7
2026-04-29 23:47:35 App is up to date.
2026-04-30 00:27:25 Loaded main app package /usr/lib/obsidian/obsidian.asar
2026-04-30 00:47:34 Checking for update using Github
2026-04-30 00:47:35 Success.
2026-04-30 00:47:35 Latest version is 1.12.7
2026-04-30 00:47:35 App is up to date.
2026-04-30 03:10:23 Checking for update using Github
2026-04-30 03:10:25 Success.
2026-04-30 03:10:25 Latest version is 1.12.7
2026-04-30 03:10:25 App is up to date.
2026-05-01 03:01:16 Loaded main app package /usr/lib/obsidian/obsidian.asar
2026-05-01 03:01:16 Checking for update using Github
2026-05-01 03:01:17 Success.
2026-05-01 03:01:17 Latest version is 1.12.7
2026-05-01 03:01:17 App is up to date.
2026-05-01 03:15:27 Loaded main app package /usr/lib/obsidian/obsidian.asar
2026-05-01 03:15:27 Checking for update using Github
2026-05-01 03:15:27 Success.
2026-05-01 03:15:27 Latest version is 1.12.7
2026-05-01 03:15:27 App is up to date.
